Archive member included to satisfy reference by file (symbol)

c:/program files (x86)/avr-gcc-12.0.1_hhs/bin/../lib/gcc/avr/12.1.0/avr6\libgcc.a(_divmodhi4.o)
                              obj\Debug\module.o (__divmodhi4)
c:/program files (x86)/avr-gcc-12.0.1_hhs/bin/../lib/gcc/avr/12.1.0/avr6\libgcc.a(_exit.o)
                              c:/program files (x86)/avr-gcc-12.0.1_hhs/bin/../lib/gcc/avr/12.1.0/../../../../avr/lib/avr6/crtatmega2560.o (exit)
c:/program files (x86)/avr-gcc-12.0.1_hhs/bin/../lib/gcc/avr/12.1.0/avr6\libgcc.a(_copy_data.o)
                              obj\Debug\module.o (__do_copy_data)
c:/program files (x86)/avr-gcc-12.0.1_hhs/bin/../lib/gcc/avr/12.1.0/avr6\libgcc.a(_clear_bss.o)
                              obj\Debug\module.o (__do_clear_bss)
c:/program files (x86)/avr-gcc-12.0.1_hhs/bin/../lib/gcc/avr/12.1.0/avr6\libgcc.a(_umulhisi3.o)
                              obj\Debug\module.o (__umulhisi3)
c:/program files (x86)/avr-gcc-12.0.1_hhs/bin/../lib/gcc/avr/12.1.0/avr6\libgcc.a(_udivmodhi4.o)
                              c:/program files (x86)/avr-gcc-12.0.1_hhs/bin/../lib/gcc/avr/12.1.0/avr6\libgcc.a(_divmodhi4.o) (__udivmodhi4)
c:/program files (x86)/avr-gcc-12.0.1_hhs/bin/../lib/gcc/avr/12.1.0/../../../../avr/lib/avr6\libm.a(addsf3.o)
                              obj\Debug\navigatie_lib.o (__subsf3)
c:/program files (x86)/avr-gcc-12.0.1_hhs/bin/../lib/gcc/avr/12.1.0/../../../../avr/lib/avr6\libm.a(addsf3x.o)
                              c:/program files (x86)/avr-gcc-12.0.1_hhs/bin/../lib/gcc/avr/12.1.0/../../../../avr/lib/avr6\libm.a(addsf3.o) (__addsf3x)
c:/program files (x86)/avr-gcc-12.0.1_hhs/bin/../lib/gcc/avr/12.1.0/../../../../avr/lib/avr6\libm.a(divsf3.o)
                              obj\Debug\navigatie_lib.o (__divsf3)
c:/program files (x86)/avr-gcc-12.0.1_hhs/bin/../lib/gcc/avr/12.1.0/../../../../avr/lib/avr6\libm.a(divsf3x.o)
                              c:/program files (x86)/avr-gcc-12.0.1_hhs/bin/../lib/gcc/avr/12.1.0/../../../../avr/lib/avr6\libm.a(divsf3.o) (__divsf3x)
c:/program files (x86)/avr-gcc-12.0.1_hhs/bin/../lib/gcc/avr/12.1.0/../../../../avr/lib/avr6\libm.a(fixsfsi.o)
                              obj\Debug\motor_lib.o (__fixsfsi)
c:/program files (x86)/avr-gcc-12.0.1_hhs/bin/../lib/gcc/avr/12.1.0/../../../../avr/lib/avr6\libm.a(fixunssfsi.o)
                              obj\Debug\sensor_lib.o (__fixunssfsi)
c:/program files (x86)/avr-gcc-12.0.1_hhs/bin/../lib/gcc/avr/12.1.0/../../../../avr/lib/avr6\libm.a(floatsisf.o)
                              obj\Debug\sensor_lib.o (__floatunsisf)
c:/program files (x86)/avr-gcc-12.0.1_hhs/bin/../lib/gcc/avr/12.1.0/../../../../avr/lib/avr6\libm.a(fp_inf.o)
                              c:/program files (x86)/avr-gcc-12.0.1_hhs/bin/../lib/gcc/avr/12.1.0/../../../../avr/lib/avr6\libm.a(addsf3x.o) (__fp_inf)
c:/program files (x86)/avr-gcc-12.0.1_hhs/bin/../lib/gcc/avr/12.1.0/../../../../avr/lib/avr6\libm.a(fp_nan.o)
                              c:/program files (x86)/avr-gcc-12.0.1_hhs/bin/../lib/gcc/avr/12.1.0/../../../../avr/lib/avr6\libm.a(addsf3x.o) (__fp_nan)
c:/program files (x86)/avr-gcc-12.0.1_hhs/bin/../lib/gcc/avr/12.1.0/../../../../avr/lib/avr6\libm.a(fp_pscA.o)
                              c:/program files (x86)/avr-gcc-12.0.1_hhs/bin/../lib/gcc/avr/12.1.0/../../../../avr/lib/avr6\libm.a(addsf3x.o) (__fp_pscA)
c:/program files (x86)/avr-gcc-12.0.1_hhs/bin/../lib/gcc/avr/12.1.0/../../../../avr/lib/avr6\libm.a(fp_pscB.o)
                              c:/program files (x86)/avr-gcc-12.0.1_hhs/bin/../lib/gcc/avr/12.1.0/../../../../avr/lib/avr6\libm.a(addsf3x.o) (__fp_pscB)
c:/program files (x86)/avr-gcc-12.0.1_hhs/bin/../lib/gcc/avr/12.1.0/../../../../avr/lib/avr6\libm.a(fp_round.o)
                              c:/program files (x86)/avr-gcc-12.0.1_hhs/bin/../lib/gcc/avr/12.1.0/../../../../avr/lib/avr6\libm.a(addsf3.o) (__fp_round)
c:/program files (x86)/avr-gcc-12.0.1_hhs/bin/../lib/gcc/avr/12.1.0/../../../../avr/lib/avr6\libm.a(fp_split3.o)
                              c:/program files (x86)/avr-gcc-12.0.1_hhs/bin/../lib/gcc/avr/12.1.0/../../../../avr/lib/avr6\libm.a(addsf3x.o) (__fp_split3)
c:/program files (x86)/avr-gcc-12.0.1_hhs/bin/../lib/gcc/avr/12.1.0/../../../../avr/lib/avr6\libm.a(fp_zero.o)
                              c:/program files (x86)/avr-gcc-12.0.1_hhs/bin/../lib/gcc/avr/12.1.0/../../../../avr/lib/avr6\libm.a(addsf3x.o) (__fp_zero)
c:/program files (x86)/avr-gcc-12.0.1_hhs/bin/../lib/gcc/avr/12.1.0/../../../../avr/lib/avr6\libm.a(mulsf3.o)
                              obj\Debug\motor_lib.o (__mulsf3)
c:/program files (x86)/avr-gcc-12.0.1_hhs/bin/../lib/gcc/avr/12.1.0/../../../../avr/lib/avr6\libm.a(mulsf3x.o)
                              c:/program files (x86)/avr-gcc-12.0.1_hhs/bin/../lib/gcc/avr/12.1.0/../../../../avr/lib/avr6\libm.a(mulsf3.o) (__mulsf3x)

Memory Configuration

Name             Origin             Length             Attributes
text             0x0000000000000000 0x0000000000100000 xr
data             0x0000000000800200 0x000000000000fe00 rw !x
eeprom           0x0000000000810000 0x0000000000010000 rw !x
fuse             0x0000000000820000 0x0000000000000003 rw !x
lock             0x0000000000830000 0x0000000000000400 rw !x
signature        0x0000000000840000 0x0000000000000400 rw !x
user_signatures  0x0000000000850000 0x0000000000000400 rw !x
*default*        0x0000000000000000 0xffffffffffffffff

Linker script and memory map

Address of section .data set to 0x800200
LOAD c:/program files (x86)/avr-gcc-12.0.1_hhs/bin/../lib/gcc/avr/12.1.0/../../../../avr/lib/avr6/crtatmega2560.o
LOAD obj\Debug\fuse.o
LOAD obj\Debug\init_functions.o
LOAD obj\Debug\main.o
LOAD obj\Debug\module.o
LOAD obj\Debug\motor_lib.o
LOAD obj\Debug\navigatie_lib.o
LOAD obj\Debug\programma_keuze.o
LOAD obj\Debug\sensor_lib.o
LOAD obj\Debug\test_func.o
START GROUP
LOAD c:/program files (x86)/avr-gcc-12.0.1_hhs/bin/../lib/gcc/avr/12.1.0/avr6\libgcc.a
LOAD c:/program files (x86)/avr-gcc-12.0.1_hhs/bin/../lib/gcc/avr/12.1.0/../../../../avr/lib/avr6\libm.a
LOAD c:/program files (x86)/avr-gcc-12.0.1_hhs/bin/../lib/gcc/avr/12.1.0/../../../../avr/lib/avr6\libc.a
LOAD c:/program files (x86)/avr-gcc-12.0.1_hhs/bin/../lib/gcc/avr/12.1.0/../../../../avr/lib/avr6\libatmega2560.a
END GROUP
                0x0000000000100000                __TEXT_REGION_LENGTH__ = DEFINED (__TEXT_REGION_LENGTH__)?__TEXT_REGION_LENGTH__:0x100000
                0x000000000000fe00                __DATA_REGION_LENGTH__ = DEFINED (__DATA_REGION_LENGTH__)?__DATA_REGION_LENGTH__:0xfe00
                0x0000000000010000                __EEPROM_REGION_LENGTH__ = DEFINED (__EEPROM_REGION_LENGTH__)?__EEPROM_REGION_LENGTH__:0x10000
                [0x0000000000000003]                __FUSE_REGION_LENGTH__ = DEFINED (__FUSE_REGION_LENGTH__)?__FUSE_REGION_LENGTH__:0x400
                0x0000000000000400                __LOCK_REGION_LENGTH__ = DEFINED (__LOCK_REGION_LENGTH__)?__LOCK_REGION_LENGTH__:0x400
                0x0000000000000400                __SIGNATURE_REGION_LENGTH__ = DEFINED (__SIGNATURE_REGION_LENGTH__)?__SIGNATURE_REGION_LENGTH__:0x400
                0x0000000000000400                __USER_SIGNATURE_REGION_LENGTH__ = DEFINED (__USER_SIGNATURE_REGION_LENGTH__)?__USER_SIGNATURE_REGION_LENGTH__:0x400

.hash
 *(.hash)

.dynsym
 *(.dynsym)

.dynstr
 *(.dynstr)

.gnu.version
 *(.gnu.version)

.gnu.version_d
 *(.gnu.version_d)

.gnu.version_r
 *(.gnu.version_r)

.rel.init
 *(.rel.init)

.rela.init
 *(.rela.init)

.rel.text
 *(.rel.text)
 *(.rel.text.*)
 *(.rel.gnu.linkonce.t*)

.rela.text
 *(.rela.text)
 *(.rela.text.*)
 *(.rela.gnu.linkonce.t*)

.rel.fini
 *(.rel.fini)

.rela.fini
 *(.rela.fini)

.rel.rodata
 *(.rel.rodata)
 *(.rel.rodata.*)
 *(.rel.gnu.linkonce.r*)

.rela.rodata
 *(.rela.rodata)
 *(.rela.rodata.*)
 *(.rela.gnu.linkonce.r*)

.rel.data
 *(.rel.data)
 *(.rel.data.*)
 *(.rel.gnu.linkonce.d*)

.rela.data
 *(.rela.data)
 *(.rela.data.*)
 *(.rela.gnu.linkonce.d*)

.rel.ctors
 *(.rel.ctors)

.rela.ctors
 *(.rela.ctors)

.rel.dtors
 *(.rel.dtors)

.rela.dtors
 *(.rela.dtors)

.rel.got
 *(.rel.got)

.rela.got
 *(.rela.got)

.rel.bss
 *(.rel.bss)

.rela.bss
 *(.rela.bss)

.rel.plt
 *(.rel.plt)

.rela.plt
 *(.rela.plt)

.text           0x0000000000000000     0x18f0
 *(.vectors)
 .vectors       0x0000000000000000       0xe4 c:/program files (x86)/avr-gcc-12.0.1_hhs/bin/../lib/gcc/avr/12.1.0/../../../../avr/lib/avr6/crtatmega2560.o
                0x0000000000000000                __vector_default
                0x0000000000000000                __vectors
 *(.vectors)
 *(.progmem.gcc*)
                0x00000000000000e4                . = ALIGN (0x2)
                0x00000000000000e4                __trampolines_start = .
 *(.trampolines)
 .trampolines   0x00000000000000e4        0x0 linker stubs
 *(.trampolines*)
                0x00000000000000e4                __trampolines_end = .
 *libprintf_flt.a:*(.progmem.data)
 *libc.a:*(.progmem.data)
 *(.progmem.*)
                0x00000000000000e4                . = ALIGN (0x2)
 *(.lowtext)
 *(.lowtext*)
                0x00000000000000e4                __ctors_start = .
 *(.ctors)
                0x00000000000000e4                __ctors_end = .
                0x00000000000000e4                __dtors_start = .
 *(.dtors)
                0x00000000000000e4                __dtors_end = .
 SORT_BY_NAME(*)(.ctors)
 SORT_BY_NAME(*)(.dtors)
 *(.init0)
 .init0         0x00000000000000e4        0x0 c:/program files (x86)/avr-gcc-12.0.1_hhs/bin/../lib/gcc/avr/12.1.0/../../../../avr/lib/avr6/crtatmega2560.o
                0x00000000000000e4                __init
 *(.init0)
 *(.init1)
 *(.init1)
 *(.init2)
 .init2         0x00000000000000e4       0x10 c:/program files (x86)/avr-gcc-12.0.1_hhs/bin/../lib/gcc/avr/12.1.0/../../../../avr/lib/avr6/crtatmega2560.o
 *(.init2)
 *(.init3)
 *(.init3)
 *(.init4)
 .init4         0x00000000000000f4       0x1a c:/program files (x86)/avr-gcc-12.0.1_hhs/bin/../lib/gcc/avr/12.1.0/avr6\libgcc.a(_copy_data.o)
                0x00000000000000f4                __do_copy_data
 .init4         0x000000000000010e       0x10 c:/program files (x86)/avr-gcc-12.0.1_hhs/bin/../lib/gcc/avr/12.1.0/avr6\libgcc.a(_clear_bss.o)
                0x000000000000010e                __do_clear_bss
 *(.init4)
 *(.init5)
 *(.init5)
 *(.init6)
 *(.init6)
 *(.init7)
 *(.init7)
 *(.init8)
 *(.init8)
 *(.init9)
 .init9         0x000000000000011e        0x8 c:/program files (x86)/avr-gcc-12.0.1_hhs/bin/../lib/gcc/avr/12.1.0/../../../../avr/lib/avr6/crtatmega2560.o
 *(.init9)
 *(.text)
 .text          0x0000000000000126        0x4 c:/program files (x86)/avr-gcc-12.0.1_hhs/bin/../lib/gcc/avr/12.1.0/../../../../avr/lib/avr6/crtatmega2560.o
                0x0000000000000126                __vector_38
                0x0000000000000126                __vector_22
                0x0000000000000126                __vector_28
                0x0000000000000126                __vector_1
                0x0000000000000126                __vector_32
                0x0000000000000126                __vector_34
                0x0000000000000126                __vector_24
                0x0000000000000126                __vector_12
                0x0000000000000126                __vector_55
                0x0000000000000126                __vector_46
                0x0000000000000126                __bad_interrupt
                0x0000000000000126                __vector_31
                0x0000000000000126                __vector_35
                0x0000000000000126                __vector_39
                0x0000000000000126                __vector_3
                0x0000000000000126                __vector_23
                0x0000000000000126                __vector_30
                0x0000000000000126                __vector_45
                0x0000000000000126                __vector_25
                0x0000000000000126                __vector_11
                0x0000000000000126                __vector_54
                0x0000000000000126                __vector_13
                0x0000000000000126                __vector_17
                0x0000000000000126                __vector_19
                0x0000000000000126                __vector_56
                0x0000000000000126                __vector_7
                0x0000000000000126                __vector_49
                0x0000000000000126                __vector_41
                0x0000000000000126                __vector_43
                0x0000000000000126                __vector_27
                0x0000000000000126                __vector_33
                0x0000000000000126                __vector_47
                0x0000000000000126                __vector_52
                0x0000000000000126                __vector_37
                0x0000000000000126                __vector_4
                0x0000000000000126                __vector_44
                0x0000000000000126                __vector_51
                0x0000000000000126                __vector_9
                0x0000000000000126                __vector_2
                0x0000000000000126                __vector_21
                0x0000000000000126                __vector_15
                0x0000000000000126                __vector_36
                0x0000000000000126                __vector_29
                0x0000000000000126                __vector_40
                0x0000000000000126                __vector_8
                0x0000000000000126                __vector_26
                0x0000000000000126                __vector_48
                0x0000000000000126                __vector_14
                0x0000000000000126                __vector_53
                0x0000000000000126                __vector_10
                0x0000000000000126                __vector_50
                0x0000000000000126                __vector_16
                0x0000000000000126                __vector_18
                0x0000000000000126                __vector_20
                0x0000000000000126                __vector_42
 .text          0x000000000000012a        0x0 obj\Debug\fuse.o
 .text          0x000000000000012a      0x16a obj\Debug\init_functions.o
                0x000000000000012a                init_ultrasoon_sensor
                0x0000000000000138                init_infrarood_sensor
                0x000000000000017c                init_knopjes
                0x0000000000000196                init_led
                0x00000000000001a0                init_h_brug_dual
                0x00000000000001fa                init_noodstop
                0x00000000000001fe                init_timer_PWM
                0x0000000000000228                init_test
                0x0000000000000238                init_timer
                0x000000000000024a                init_display
                0x0000000000000268                init_function
 .text          0x0000000000000294       0xd8 obj\Debug\main.o
                0x0000000000000294                main
                0x000000000000036a                OPSLAG
 .text          0x000000000000036c      0x448 obj\Debug\module.o
                0x000000000000036c                send_byte
                0x00000000000003c2                tm_start
                0x00000000000003e6                tm_stop
                0x0000000000000408                tm1637_showNumber
                0x0000000000000572                blokjes_gedetecteerd
                0x0000000000000586                blokjes_stop
                0x00000000000005a0                __vector_5
                0x00000000000006aa                __vector_6
 .text          0x00000000000007b4      0x160 obj\Debug\motor_lib.o
                0x00000000000007b4                motor_R
                0x0000000000000814                motor_L
                0x0000000000000874                motor_config
 .text          0x0000000000000914      0x64c obj\Debug\navigatie_lib.o
                0x0000000000000914                percentageSteering_R
                0x00000000000009b8                percentageSteering_L
                0x0000000000000a5c                padNavigeren
                0x0000000000000ba4                keren
                0x0000000000000c1e                kerenR
                0x0000000000000d34                kerenLKlein
                0x0000000000000e4a                kerenLGroot
 .text          0x0000000000000f60      0x156 obj\Debug\programma_keuze.o
                0x0000000000000f60                programma_keuze
 .text          0x00000000000010b6      0x188 obj\Debug\sensor_lib.o
                0x00000000000010b6                ultrasoonAfstand_R
                0x000000000000117a                ultrasoonAfstand_L
 .text          0x000000000000123e      0x220 obj\Debug\test_func.o
                0x000000000000123e                send_data
                0x0000000000001274                display_segment
                0x0000000000001292                print_waarde
                0x0000000000001404                print_turd
 .text          0x000000000000145e        0x0 c:/program files (x86)/avr-gcc-12.0.1_hhs/bin/../lib/gcc/avr/12.1.0/avr6\libgcc.a(_divmodhi4.o)
 .text          0x000000000000145e        0x0 c:/program files (x86)/avr-gcc-12.0.1_hhs/bin/../lib/gcc/avr/12.1.0/avr6\libgcc.a(_exit.o)
 .text          0x000000000000145e        0x0 c:/program files (x86)/avr-gcc-12.0.1_hhs/bin/../lib/gcc/avr/12.1.0/avr6\libgcc.a(_copy_data.o)
 .text          0x000000000000145e        0x0 c:/program files (x86)/avr-gcc-12.0.1_hhs/bin/../lib/gcc/avr/12.1.0/avr6\libgcc.a(_clear_bss.o)
 .text          0x000000000000145e        0x0 c:/program files (x86)/avr-gcc-12.0.1_hhs/bin/../lib/gcc/avr/12.1.0/avr6\libgcc.a(_umulhisi3.o)
 .text          0x000000000000145e        0x0 c:/program files (x86)/avr-gcc-12.0.1_hhs/bin/../lib/gcc/avr/12.1.0/avr6\libgcc.a(_udivmodhi4.o)
 .text          0x000000000000145e        0x0 c:/program files (x86)/avr-gcc-12.0.1_hhs/bin/../lib/gcc/avr/12.1.0/../../../../avr/lib/avr6\libm.a(addsf3.o)
 .text          0x000000000000145e        0x0 c:/program files (x86)/avr-gcc-12.0.1_hhs/bin/../lib/gcc/avr/12.1.0/../../../../avr/lib/avr6\libm.a(addsf3x.o)
 .text          0x000000000000145e        0x0 c:/program files (x86)/avr-gcc-12.0.1_hhs/bin/../lib/gcc/avr/12.1.0/../../../../avr/lib/avr6\libm.a(divsf3.o)
 .text          0x000000000000145e        0x0 c:/program files (x86)/avr-gcc-12.0.1_hhs/bin/../lib/gcc/avr/12.1.0/../../../../avr/lib/avr6\libm.a(divsf3x.o)
 .text          0x000000000000145e        0x0 c:/program files (x86)/avr-gcc-12.0.1_hhs/bin/../lib/gcc/avr/12.1.0/../../../../avr/lib/avr6\libm.a(fixsfsi.o)
 .text          0x000000000000145e        0x0 c:/program files (x86)/avr-gcc-12.0.1_hhs/bin/../lib/gcc/avr/12.1.0/../../../../avr/lib/avr6\libm.a(fixunssfsi.o)
 .text          0x000000000000145e        0x0 c:/program files (x86)/avr-gcc-12.0.1_hhs/bin/../lib/gcc/avr/12.1.0/../../../../avr/lib/avr6\libm.a(floatsisf.o)
 .text          0x000000000000145e        0x0 c:/program files (x86)/avr-gcc-12.0.1_hhs/bin/../lib/gcc/avr/12.1.0/../../../../avr/lib/avr6\libm.a(fp_inf.o)
 .text          0x000000000000145e        0x0 c:/program files (x86)/avr-gcc-12.0.1_hhs/bin/../lib/gcc/avr/12.1.0/../../../../avr/lib/avr6\libm.a(fp_nan.o)
 .text          0x000000000000145e        0x0 c:/program files (x86)/avr-gcc-12.0.1_hhs/bin/../lib/gcc/avr/12.1.0/../../../../avr/lib/avr6\libm.a(fp_pscA.o)
 .text          0x000000000000145e        0x0 c:/program files (x86)/avr-gcc-12.0.1_hhs/bin/../lib/gcc/avr/12.1.0/../../../../avr/lib/avr6\libm.a(fp_pscB.o)
 .text          0x000000000000145e        0x0 c:/program files (x86)/avr-gcc-12.0.1_hhs/bin/../lib/gcc/avr/12.1.0/../../../../avr/lib/avr6\libm.a(fp_round.o)
 .text          0x000000000000145e        0x0 c:/program files (x86)/avr-gcc-12.0.1_hhs/bin/../lib/gcc/avr/12.1.0/../../../../avr/lib/avr6\libm.a(fp_split3.o)
 .text          0x000000000000145e        0x0 c:/program files (x86)/avr-gcc-12.0.1_hhs/bin/../lib/gcc/avr/12.1.0/../../../../avr/lib/avr6\libm.a(fp_zero.o)
 .text          0x000000000000145e        0x0 c:/program files (x86)/avr-gcc-12.0.1_hhs/bin/../lib/gcc/avr/12.1.0/../../../../avr/lib/avr6\libm.a(mulsf3.o)
 .text          0x000000000000145e        0x0 c:/program files (x86)/avr-gcc-12.0.1_hhs/bin/../lib/gcc/avr/12.1.0/../../../../avr/lib/avr6\libm.a(mulsf3x.o)
                0x000000000000145e                . = ALIGN (0x2)
 *(.text.*)
 .text.libgcc.mul
                0x000000000000145e        0x0 c:/program files (x86)/avr-gcc-12.0.1_hhs/bin/../lib/gcc/avr/12.1.0/avr6\libgcc.a(_divmodhi4.o)
 .text.libgcc.div
                0x000000000000145e       0x28 c:/program files (x86)/avr-gcc-12.0.1_hhs/bin/../lib/gcc/avr/12.1.0/avr6\libgcc.a(_divmodhi4.o)
                0x000000000000145e                _div
                0x000000000000145e                __divmodhi4
 .text.libgcc   0x0000000000001486        0x0 c:/program files (x86)/avr-gcc-12.0.1_hhs/bin/../lib/gcc/avr/12.1.0/avr6\libgcc.a(_divmodhi4.o)
 .text.libgcc.prologue
                0x0000000000001486        0x0 c:/program files (x86)/avr-gcc-12.0.1_hhs/bin/../lib/gcc/avr/12.1.0/avr6\libgcc.a(_divmodhi4.o)
 .text.libgcc.builtins
                0x0000000000001486        0x0 c:/program files (x86)/avr-gcc-12.0.1_hhs/bin/../lib/gcc/avr/12.1.0/avr6\libgcc.a(_divmodhi4.o)
 .text.libgcc.fmul
                0x0000000000001486        0x0 c:/program files (x86)/avr-gcc-12.0.1_hhs/bin/../lib/gcc/avr/12.1.0/avr6\libgcc.a(_divmodhi4.o)
 .text.libgcc.fixed
                0x0000000000001486        0x0 c:/program files (x86)/avr-gcc-12.0.1_hhs/bin/../lib/gcc/avr/12.1.0/avr6\libgcc.a(_divmodhi4.o)
 .text.libgcc.mul
                0x0000000000001486        0x0 c:/program files (x86)/avr-gcc-12.0.1_hhs/bin/../lib/gcc/avr/12.1.0/avr6\libgcc.a(_exit.o)
 .text.libgcc.div
                0x0000000000001486        0x0 c:/program files (x86)/avr-gcc-12.0.1_hhs/bin/../lib/gcc/avr/12.1.0/avr6\libgcc.a(_exit.o)
 .text.libgcc   0x0000000000001486        0x0 c:/program files (x86)/avr-gcc-12.0.1_hhs/bin/../lib/gcc/avr/12.1.0/avr6\libgcc.a(_exit.o)
 .text.libgcc.prologue
                0x0000000000001486        0x0 c:/program files (x86)/avr-gcc-12.0.1_hhs/bin/../lib/gcc/avr/12.1.0/avr6\libgcc.a(_exit.o)
 .text.libgcc.builtins
                0x0000000000001486        0x0 c:/program files (x86)/avr-gcc-12.0.1_hhs/bin/../lib/gcc/avr/12.1.0/avr6\libgcc.a(_exit.o)
 .text.libgcc.fmul
                0x0000000000001486        0x0 c:/program files (x86)/avr-gcc-12.0.1_hhs/bin/../lib/gcc/avr/12.1.0/avr6\libgcc.a(_exit.o)
 .text.libgcc.fixed
                0x0000000000001486        0x0 c:/program files (x86)/avr-gcc-12.0.1_hhs/bin/../lib/gcc/avr/12.1.0/avr6\libgcc.a(_exit.o)
 .text.libgcc.mul
                0x0000000000001486        0x0 c:/program files (x86)/avr-gcc-12.0.1_hhs/bin/../lib/gcc/avr/12.1.0/avr6\libgcc.a(_copy_data.o)
 .text.libgcc.div
                0x0000000000001486        0x0 c:/program files (x86)/avr-gcc-12.0.1_hhs/bin/../lib/gcc/avr/12.1.0/avr6\libgcc.a(_copy_data.o)
 .text.libgcc   0x0000000000001486        0x0 c:/program files (x86)/avr-gcc-12.0.1_hhs/bin/../lib/gcc/avr/12.1.0/avr6\libgcc.a(_copy_data.o)
 .text.libgcc.prologue
                0x0000000000001486        0x0 c:/program files (x86)/avr-gcc-12.0.1_hhs/bin/../lib/gcc/avr/12.1.0/avr6\libgcc.a(_copy_data.o)
 .text.libgcc.builtins
                0x0000000000001486        0x0 c:/program files (x86)/avr-gcc-12.0.1_hhs/bin/../lib/gcc/avr/12.1.0/avr6\libgcc.a(_copy_data.o)
 .text.libgcc.fmul
                0x0000000000001486        0x0 c:/program files (x86)/avr-gcc-12.0.1_hhs/bin/../lib/gcc/avr/12.1.0/avr6\libgcc.a(_copy_data.o)
 .text.libgcc.fixed
                0x0000000000001486        0x0 c:/program files (x86)/avr-gcc-12.0.1_hhs/bin/../lib/gcc/avr/12.1.0/avr6\libgcc.a(_copy_data.o)
 .text.libgcc.mul
                0x0000000000001486        0x0 c:/program files (x86)/avr-gcc-12.0.1_hhs/bin/../lib/gcc/avr/12.1.0/avr6\libgcc.a(_clear_bss.o)
 .text.libgcc.div
                0x0000000000001486        0x0 c:/program files (x86)/avr-gcc-12.0.1_hhs/bin/../lib/gcc/avr/12.1.0/avr6\libgcc.a(_clear_bss.o)
 .text.libgcc   0x0000000000001486        0x0 c:/program files (x86)/avr-gcc-12.0.1_hhs/bin/../lib/gcc/avr/12.1.0/avr6\libgcc.a(_clear_bss.o)
 .text.libgcc.prologue
                0x0000000000001486        0x0 c:/program files (x86)/avr-gcc-12.0.1_hhs/bin/../lib/gcc/avr/12.1.0/avr6\libgcc.a(_clear_bss.o)
 .text.libgcc.builtins
                0x0000000000001486        0x0 c:/program files (x86)/avr-gcc-12.0.1_hhs/bin/../lib/gcc/avr/12.1.0/avr6\libgcc.a(_clear_bss.o)
 .text.libgcc.fmul
                0x0000000000001486        0x0 c:/program files (x86)/avr-gcc-12.0.1_hhs/bin/../lib/gcc/avr/12.1.0/avr6\libgcc.a(_clear_bss.o)
 .text.libgcc.fixed
                0x0000000000001486        0x0 c:/program files (x86)/avr-gcc-12.0.1_hhs/bin/../lib/gcc/avr/12.1.0/avr6\libgcc.a(_clear_bss.o)
 .text.libgcc.mul
                0x0000000000001486       0x1e c:/program files (x86)/avr-gcc-12.0.1_hhs/bin/../lib/gcc/avr/12.1.0/avr6\libgcc.a(_umulhisi3.o)
                0x0000000000001486                __umulhisi3
 .text.libgcc.div
                0x00000000000014a4        0x0 c:/program files (x86)/avr-gcc-12.0.1_hhs/bin/../lib/gcc/avr/12.1.0/avr6\libgcc.a(_umulhisi3.o)
 .text.libgcc   0x00000000000014a4        0x0 c:/program files (x86)/avr-gcc-12.0.1_hhs/bin/../lib/gcc/avr/12.1.0/avr6\libgcc.a(_umulhisi3.o)
 .text.libgcc.prologue
                0x00000000000014a4        0x0 c:/program files (x86)/avr-gcc-12.0.1_hhs/bin/../lib/gcc/avr/12.1.0/avr6\libgcc.a(_umulhisi3.o)
 .text.libgcc.builtins
                0x00000000000014a4        0x0 c:/program files (x86)/avr-gcc-12.0.1_hhs/bin/../lib/gcc/avr/12.1.0/avr6\libgcc.a(_umulhisi3.o)
 .text.libgcc.fmul
                0x00000000000014a4        0x0 c:/program files (x86)/avr-gcc-12.0.1_hhs/bin/../lib/gcc/avr/12.1.0/avr6\libgcc.a(_umulhisi3.o)
 .text.libgcc.fixed
                0x00000000000014a4        0x0 c:/program files (x86)/avr-gcc-12.0.1_hhs/bin/../lib/gcc/avr/12.1.0/avr6\libgcc.a(_umulhisi3.o)
 .text.libgcc.mul
                0x00000000000014a4        0x0 c:/program files (x86)/avr-gcc-12.0.1_hhs/bin/../lib/gcc/avr/12.1.0/avr6\libgcc.a(_udivmodhi4.o)
 .text.libgcc.div
                0x00000000000014a4       0x28 c:/program files (x86)/avr-gcc-12.0.1_hhs/bin/../lib/gcc/avr/12.1.0/avr6\libgcc.a(_udivmodhi4.o)
                0x00000000000014a4                __udivmodhi4
 .text.libgcc   0x00000000000014cc        0x0 c:/program files (x86)/avr-gcc-12.0.1_hhs/bin/../lib/gcc/avr/12.1.0/avr6\libgcc.a(_udivmodhi4.o)
 .text.libgcc.prologue
                0x00000000000014cc        0x0 c:/program files (x86)/avr-gcc-12.0.1_hhs/bin/../lib/gcc/avr/12.1.0/avr6\libgcc.a(_udivmodhi4.o)
 .text.libgcc.builtins
                0x00000000000014cc        0x0 c:/program files (x86)/avr-gcc-12.0.1_hhs/bin/../lib/gcc/avr/12.1.0/avr6\libgcc.a(_udivmodhi4.o)
 .text.libgcc.fmul
                0x00000000000014cc        0x0 c:/program files (x86)/avr-gcc-12.0.1_hhs/bin/../lib/gcc/avr/12.1.0/avr6\libgcc.a(_udivmodhi4.o)
 .text.libgcc.fixed
                0x00000000000014cc        0x0 c:/program files (x86)/avr-gcc-12.0.1_hhs/bin/../lib/gcc/avr/12.1.0/avr6\libgcc.a(_udivmodhi4.o)
 .text.avr-libc.fplib
                0x00000000000014cc        0xe c:/program files (x86)/avr-gcc-12.0.1_hhs/bin/../lib/gcc/avr/12.1.0/../../../../avr/lib/avr6\libm.a(addsf3.o)
                0x00000000000014cc                __subsf3
                0x00000000000014ce                __addsf3
 .text.avr-libc.fplib
                0x00000000000014da       0xcc c:/program files (x86)/avr-gcc-12.0.1_hhs/bin/../lib/gcc/avr/12.1.0/../../../../avr/lib/avr6\libm.a(addsf3x.o)
                0x00000000000014fc                __addsf3x
 .text.avr-libc.fplib
                0x00000000000015a6        0x8 c:/program files (x86)/avr-gcc-12.0.1_hhs/bin/../lib/gcc/avr/12.1.0/../../../../avr/lib/avr6\libm.a(divsf3.o)
                0x00000000000015a6                __divsf3
 .text.avr-libc.fplib
                0x00000000000015ae       0xdc c:/program files (x86)/avr-gcc-12.0.1_hhs/bin/../lib/gcc/avr/12.1.0/../../../../avr/lib/avr6\libm.a(divsf3x.o)
                0x00000000000015ce                __divsf3x
                0x00000000000015d4                __divsf3_pse
 .text.avr-libc.fplib
                0x000000000000168a        0xe c:/program files (x86)/avr-gcc-12.0.1_hhs/bin/../lib/gcc/avr/12.1.0/../../../../avr/lib/avr6\libm.a(fixsfsi.o)
                0x000000000000168a                __fixsfsi
 .text.avr-libc.fplib
                0x0000000000001698       0x5e c:/program files (x86)/avr-gcc-12.0.1_hhs/bin/../lib/gcc/avr/12.1.0/../../../../avr/lib/avr6\libm.a(fixunssfsi.o)
                0x0000000000001698                __fixunssfsi
 .text.avr-libc.fplib
                0x00000000000016f6       0x7a c:/program files (x86)/avr-gcc-12.0.1_hhs/bin/../lib/gcc/avr/12.1.0/../../../../avr/lib/avr6\libm.a(floatsisf.o)
                0x00000000000016f6                __floatunsisf
                0x00000000000016fa                __floatsisf
 .text.avr-libc.fplib
                0x0000000000001770        0xc c:/program files (x86)/avr-gcc-12.0.1_hhs/bin/../lib/gcc/avr/12.1.0/../../../../avr/lib/avr6\libm.a(fp_inf.o)
                0x0000000000001770                __fp_inf
 .text.avr-libc.fplib
                0x000000000000177c        0x6 c:/program files (x86)/avr-gcc-12.0.1_hhs/bin/../lib/gcc/avr/12.1.0/../../../../avr/lib/avr6\libm.a(fp_nan.o)
                0x000000000000177c                __fp_nan
 .text.avr-libc.fplib
                0x0000000000001782        0xe c:/program files (x86)/avr-gcc-12.0.1_hhs/bin/../lib/gcc/avr/12.1.0/../../../../avr/lib/avr6\libm.a(fp_pscA.o)
                0x0000000000001782                __fp_pscA
 .text.avr-libc.fplib
                0x0000000000001790        0xe c:/program files (x86)/avr-gcc-12.0.1_hhs/bin/../lib/gcc/avr/12.1.0/../../../../avr/lib/avr6\libm.a(fp_pscB.o)
                0x0000000000001790                __fp_pscB
 .text.avr-libc.fplib
                0x000000000000179e       0x22 c:/program files (x86)/avr-gcc-12.0.1_hhs/bin/../lib/gcc/avr/12.1.0/../../../../avr/lib/avr6\libm.a(fp_round.o)
                0x000000000000179e                __fp_round
 .text.avr-libc.fplib
                0x00000000000017c0       0x44 c:/program files (x86)/avr-gcc-12.0.1_hhs/bin/../lib/gcc/avr/12.1.0/../../../../avr/lib/avr6\libm.a(fp_split3.o)
                0x00000000000017c0                __fp_split3
                0x00000000000017d0                __fp_splitA
 .text.avr-libc.fplib
                0x0000000000001804        0xe c:/program files (x86)/avr-gcc-12.0.1_hhs/bin/../lib/gcc/avr/12.1.0/../../../../avr/lib/avr6\libm.a(fp_zero.o)
                0x0000000000001804                __fp_zero
                0x0000000000001806                __fp_szero
 .text.avr-libc.fplib
                0x0000000000001812        0x8 c:/program files (x86)/avr-gcc-12.0.1_hhs/bin/../lib/gcc/avr/12.1.0/../../../../avr/lib/avr6\libm.a(mulsf3.o)
                0x0000000000001812                __mulsf3
 .text.avr-libc.fplib
                0x000000000000181a       0xd2 c:/program files (x86)/avr-gcc-12.0.1_hhs/bin/../lib/gcc/avr/12.1.0/../../../../avr/lib/avr6\libm.a(mulsf3x.o)
                0x0000000000001838                __mulsf3x
                0x000000000000183e                __mulsf3_pse
                0x00000000000018ec                . = ALIGN (0x2)
 *(.fini9)
 .fini9         0x00000000000018ec        0x0 c:/program files (x86)/avr-gcc-12.0.1_hhs/bin/../lib/gcc/avr/12.1.0/avr6\libgcc.a(_exit.o)
                0x00000000000018ec                _exit
                0x00000000000018ec                exit
 *(.fini9)
 *(.fini8)
 *(.fini8)
 *(.fini7)
 *(.fini7)
 *(.fini6)
 *(.fini6)
 *(.fini5)
 *(.fini5)
 *(.fini4)
 *(.fini4)
 *(.fini3)
 *(.fini3)
 *(.fini2)
 *(.fini2)
 *(.fini1)
 *(.fini1)
 *(.fini0)
 .fini0         0x00000000000018ec        0x4 c:/program files (x86)/avr-gcc-12.0.1_hhs/bin/../lib/gcc/avr/12.1.0/avr6\libgcc.a(_exit.o)
 *(.fini0)
 *(.hightext)
 *(.hightext*)
 *(.progmemx.*)
                0x00000000000018f0                . = ALIGN (0x2)
 *(.jumptables)
 *(.jumptables*)
                0x00000000000018f0                _etext = .

.data           0x0000000000800200       0x16 load address 0x00000000000018f0
                0x0000000000800200                PROVIDE (__data_start = .)
 *(.data)
 .data          0x0000000000800200        0x0 c:/program files (x86)/avr-gcc-12.0.1_hhs/bin/../lib/gcc/avr/12.1.0/../../../../avr/lib/avr6/crtatmega2560.o
 .data          0x0000000000800200        0x0 obj\Debug\fuse.o
 .data          0x0000000000800200        0x0 obj\Debug\init_functions.o
 .data          0x0000000000800200        0x0 obj\Debug\main.o
 .data          0x0000000000800200        0x2 obj\Debug\module.o
 .data          0x0000000000800202        0x0 obj\Debug\motor_lib.o
 .data          0x0000000000800202        0x0 obj\Debug\navigatie_lib.o
 .data          0x0000000000800202        0x0 obj\Debug\programma_keuze.o
 .data          0x0000000000800202        0x0 obj\Debug\sensor_lib.o
 .data          0x0000000000800202        0x0 obj\Debug\test_func.o
 .data          0x0000000000800202        0x0 c:/program files (x86)/avr-gcc-12.0.1_hhs/bin/../lib/gcc/avr/12.1.0/avr6\libgcc.a(_divmodhi4.o)
 .data          0x0000000000800202        0x0 c:/program files (x86)/avr-gcc-12.0.1_hhs/bin/../lib/gcc/avr/12.1.0/avr6\libgcc.a(_exit.o)
 .data          0x0000000000800202        0x0 c:/program files (x86)/avr-gcc-12.0.1_hhs/bin/../lib/gcc/avr/12.1.0/avr6\libgcc.a(_copy_data.o)
 .data          0x0000000000800202        0x0 c:/program files (x86)/avr-gcc-12.0.1_hhs/bin/../lib/gcc/avr/12.1.0/avr6\libgcc.a(_clear_bss.o)
 .data          0x0000000000800202        0x0 c:/program files (x86)/avr-gcc-12.0.1_hhs/bin/../lib/gcc/avr/12.1.0/avr6\libgcc.a(_umulhisi3.o)
 .data          0x0000000000800202        0x0 c:/program files (x86)/avr-gcc-12.0.1_hhs/bin/../lib/gcc/avr/12.1.0/avr6\libgcc.a(_udivmodhi4.o)
 .data          0x0000000000800202        0x0 c:/program files (x86)/avr-gcc-12.0.1_hhs/bin/../lib/gcc/avr/12.1.0/../../../../avr/lib/avr6\libm.a(addsf3.o)
 .data          0x0000000000800202        0x0 c:/program files (x86)/avr-gcc-12.0.1_hhs/bin/../lib/gcc/avr/12.1.0/../../../../avr/lib/avr6\libm.a(addsf3x.o)
 .data          0x0000000000800202        0x0 c:/program files (x86)/avr-gcc-12.0.1_hhs/bin/../lib/gcc/avr/12.1.0/../../../../avr/lib/avr6\libm.a(divsf3.o)
 .data          0x0000000000800202        0x0 c:/program files (x86)/avr-gcc-12.0.1_hhs/bin/../lib/gcc/avr/12.1.0/../../../../avr/lib/avr6\libm.a(divsf3x.o)
 .data          0x0000000000800202        0x0 c:/program files (x86)/avr-gcc-12.0.1_hhs/bin/../lib/gcc/avr/12.1.0/../../../../avr/lib/avr6\libm.a(fixsfsi.o)
 .data          0x0000000000800202        0x0 c:/program files (x86)/avr-gcc-12.0.1_hhs/bin/../lib/gcc/avr/12.1.0/../../../../avr/lib/avr6\libm.a(fixunssfsi.o)
 .data          0x0000000000800202        0x0 c:/program files (x86)/avr-gcc-12.0.1_hhs/bin/../lib/gcc/avr/12.1.0/../../../../avr/lib/avr6\libm.a(floatsisf.o)
 .data          0x0000000000800202        0x0 c:/program files (x86)/avr-gcc-12.0.1_hhs/bin/../lib/gcc/avr/12.1.0/../../../../avr/lib/avr6\libm.a(fp_inf.o)
 .data          0x0000000000800202        0x0 c:/program files (x86)/avr-gcc-12.0.1_hhs/bin/../lib/gcc/avr/12.1.0/../../../../avr/lib/avr6\libm.a(fp_nan.o)
 .data          0x0000000000800202        0x0 c:/program files (x86)/avr-gcc-12.0.1_hhs/bin/../lib/gcc/avr/12.1.0/../../../../avr/lib/avr6\libm.a(fp_pscA.o)
 .data          0x0000000000800202        0x0 c:/program files (x86)/avr-gcc-12.0.1_hhs/bin/../lib/gcc/avr/12.1.0/../../../../avr/lib/avr6\libm.a(fp_pscB.o)
 .data          0x0000000000800202        0x0 c:/program files (x86)/avr-gcc-12.0.1_hhs/bin/../lib/gcc/avr/12.1.0/../../../../avr/lib/avr6\libm.a(fp_round.o)
 .data          0x0000000000800202        0x0 c:/program files (x86)/avr-gcc-12.0.1_hhs/bin/../lib/gcc/avr/12.1.0/../../../../avr/lib/avr6\libm.a(fp_split3.o)
 .data          0x0000000000800202        0x0 c:/program files (x86)/avr-gcc-12.0.1_hhs/bin/../lib/gcc/avr/12.1.0/../../../../avr/lib/avr6\libm.a(fp_zero.o)
 .data          0x0000000000800202        0x0 c:/program files (x86)/avr-gcc-12.0.1_hhs/bin/../lib/gcc/avr/12.1.0/../../../../avr/lib/avr6\libm.a(mulsf3.o)
 .data          0x0000000000800202        0x0 c:/program files (x86)/avr-gcc-12.0.1_hhs/bin/../lib/gcc/avr/12.1.0/../../../../avr/lib/avr6\libm.a(mulsf3x.o)
 *(.data*)
 *(.gnu.linkonce.d*)
 *(.rodata)
 .rodata        0x0000000000800202        0xa obj\Debug\module.o
                0x0000000000800202                segmentMap
 .rodata        0x000000000080020c        0xa obj\Debug\test_func.o
 *(.rodata*)
 *(.gnu.linkonce.r*)
                0x0000000000800216                . = ALIGN (0x2)
                0x0000000000800216                _edata = .
                0x0000000000800216                PROVIDE (__data_end = .)

.bss            0x0000000000800216       0x10
                0x0000000000800216                PROVIDE (__bss_start = .)
 *(.bss)
 .bss           0x0000000000800216        0x0 c:/program files (x86)/avr-gcc-12.0.1_hhs/bin/../lib/gcc/avr/12.1.0/../../../../avr/lib/avr6/crtatmega2560.o
 .bss           0x0000000000800216        0x0 obj\Debug\fuse.o
 .bss           0x0000000000800216        0x0 obj\Debug\init_functions.o
 .bss           0x0000000000800216        0x0 obj\Debug\main.o
 .bss           0x0000000000800216        0x2 obj\Debug\module.o
 .bss           0x0000000000800218        0x0 obj\Debug\motor_lib.o
 .bss           0x0000000000800218        0xe obj\Debug\navigatie_lib.o
 .bss           0x0000000000800226        0x0 obj\Debug\programma_keuze.o
 .bss           0x0000000000800226        0x0 obj\Debug\sensor_lib.o
 .bss           0x0000000000800226        0x0 obj\Debug\test_func.o
 .bss           0x0000000000800226        0x0 c:/program files (x86)/avr-gcc-12.0.1_hhs/bin/../lib/gcc/avr/12.1.0/avr6\libgcc.a(_divmodhi4.o)
 .bss           0x0000000000800226        0x0 c:/program files (x86)/avr-gcc-12.0.1_hhs/bin/../lib/gcc/avr/12.1.0/avr6\libgcc.a(_exit.o)
 .bss           0x0000000000800226        0x0 c:/program files (x86)/avr-gcc-12.0.1_hhs/bin/../lib/gcc/avr/12.1.0/avr6\libgcc.a(_copy_data.o)
 .bss           0x0000000000800226        0x0 c:/program files (x86)/avr-gcc-12.0.1_hhs/bin/../lib/gcc/avr/12.1.0/avr6\libgcc.a(_clear_bss.o)
 .bss           0x0000000000800226        0x0 c:/program files (x86)/avr-gcc-12.0.1_hhs/bin/../lib/gcc/avr/12.1.0/avr6\libgcc.a(_umulhisi3.o)
 .bss           0x0000000000800226        0x0 c:/program files (x86)/avr-gcc-12.0.1_hhs/bin/../lib/gcc/avr/12.1.0/avr6\libgcc.a(_udivmodhi4.o)
 .bss           0x0000000000800226        0x0 c:/program files (x86)/avr-gcc-12.0.1_hhs/bin/../lib/gcc/avr/12.1.0/../../../../avr/lib/avr6\libm.a(addsf3.o)
 .bss           0x0000000000800226        0x0 c:/program files (x86)/avr-gcc-12.0.1_hhs/bin/../lib/gcc/avr/12.1.0/../../../../avr/lib/avr6\libm.a(addsf3x.o)
 .bss           0x0000000000800226        0x0 c:/program files (x86)/avr-gcc-12.0.1_hhs/bin/../lib/gcc/avr/12.1.0/../../../../avr/lib/avr6\libm.a(divsf3.o)
 .bss           0x0000000000800226        0x0 c:/program files (x86)/avr-gcc-12.0.1_hhs/bin/../lib/gcc/avr/12.1.0/../../../../avr/lib/avr6\libm.a(divsf3x.o)
 .bss           0x0000000000800226        0x0 c:/program files (x86)/avr-gcc-12.0.1_hhs/bin/../lib/gcc/avr/12.1.0/../../../../avr/lib/avr6\libm.a(fixsfsi.o)
 .bss           0x0000000000800226        0x0 c:/program files (x86)/avr-gcc-12.0.1_hhs/bin/../lib/gcc/avr/12.1.0/../../../../avr/lib/avr6\libm.a(fixunssfsi.o)
 .bss           0x0000000000800226        0x0 c:/program files (x86)/avr-gcc-12.0.1_hhs/bin/../lib/gcc/avr/12.1.0/../../../../avr/lib/avr6\libm.a(floatsisf.o)
 .bss           0x0000000000800226        0x0 c:/program files (x86)/avr-gcc-12.0.1_hhs/bin/../lib/gcc/avr/12.1.0/../../../../avr/lib/avr6\libm.a(fp_inf.o)
 .bss           0x0000000000800226        0x0 c:/program files (x86)/avr-gcc-12.0.1_hhs/bin/../lib/gcc/avr/12.1.0/../../../../avr/lib/avr6\libm.a(fp_nan.o)
 .bss           0x0000000000800226        0x0 c:/program files (x86)/avr-gcc-12.0.1_hhs/bin/../lib/gcc/avr/12.1.0/../../../../avr/lib/avr6\libm.a(fp_pscA.o)
 .bss           0x0000000000800226        0x0 c:/program files (x86)/avr-gcc-12.0.1_hhs/bin/../lib/gcc/avr/12.1.0/../../../../avr/lib/avr6\libm.a(fp_pscB.o)
 .bss           0x0000000000800226        0x0 c:/program files (x86)/avr-gcc-12.0.1_hhs/bin/../lib/gcc/avr/12.1.0/../../../../avr/lib/avr6\libm.a(fp_round.o)
 .bss           0x0000000000800226        0x0 c:/program files (x86)/avr-gcc-12.0.1_hhs/bin/../lib/gcc/avr/12.1.0/../../../../avr/lib/avr6\libm.a(fp_split3.o)
 .bss           0x0000000000800226        0x0 c:/program files (x86)/avr-gcc-12.0.1_hhs/bin/../lib/gcc/avr/12.1.0/../../../../avr/lib/avr6\libm.a(fp_zero.o)
 .bss           0x0000000000800226        0x0 c:/program files (x86)/avr-gcc-12.0.1_hhs/bin/../lib/gcc/avr/12.1.0/../../../../avr/lib/avr6\libm.a(mulsf3.o)
 .bss           0x0000000000800226        0x0 c:/program files (x86)/avr-gcc-12.0.1_hhs/bin/../lib/gcc/avr/12.1.0/../../../../avr/lib/avr6\libm.a(mulsf3x.o)
 *(.bss*)
 *(COMMON)
                0x0000000000800226                PROVIDE (__bss_end = .)
                0x00000000000018f0                __data_load_start = LOADADDR (.data)
                0x0000000000001906                __data_load_end = (__data_load_start + SIZEOF (.data))

.noinit         0x0000000000800226        0x0
                [!provide]                        PROVIDE (__noinit_start = .)
 *(.noinit .noinit.* .gnu.linkonce.n.*)
                [!provide]                        PROVIDE (__noinit_end = .)
                0x0000000000800226                _end = .
                [!provide]                        PROVIDE (__heap_start = .)

.eeprom         0x0000000000810000        0x0
 *(.eeprom*)
                0x0000000000810000                __eeprom_end = .

.fuse           0x0000000000820000        0x3
 *(.fuse)
 .fuse          0x0000000000820000        0x3 obj\Debug\fuse.o
                0x0000000000820000                __fuse
 *(.lfuse)
 *(.hfuse)
 *(.efuse)

.lock
 *(.lock*)

.signature
 *(.signature*)

.stab
 *(.stab)

.stabstr
 *(.stabstr)

.stab.excl
 *(.stab.excl)

.stab.exclstr
 *(.stab.exclstr)

.stab.index
 *(.stab.index)

.stab.indexstr
 *(.stab.indexstr)

.comment        0x0000000000000000       0x12
 *(.comment)
 .comment       0x0000000000000000       0x12 obj\Debug\fuse.o
                                         0x13 (size before relaxing)
 .comment       0x0000000000000012       0x13 obj\Debug\init_functions.o
 .comment       0x0000000000000012       0x13 obj\Debug\main.o
 .comment       0x0000000000000012       0x13 obj\Debug\module.o
 .comment       0x0000000000000012       0x13 obj\Debug\motor_lib.o
 .comment       0x0000000000000012       0x13 obj\Debug\navigatie_lib.o
 .comment       0x0000000000000012       0x13 obj\Debug\programma_keuze.o
 .comment       0x0000000000000012       0x13 obj\Debug\sensor_lib.o
 .comment       0x0000000000000012       0x13 obj\Debug\test_func.o

.note.gnu.avr.deviceinfo
                0x0000000000000000       0x40
 .note.gnu.avr.deviceinfo
                0x0000000000000000       0x40 c:/program files (x86)/avr-gcc-12.0.1_hhs/bin/../lib/gcc/avr/12.1.0/../../../../avr/lib/avr6/crtatmega2560.o

.note.gnu.build-id
 *(.note.gnu.build-id)

.debug
 *(.debug)

.line
 *(.line)

.debug_srcinfo
 *(.debug_srcinfo)

.debug_sfnames
 *(.debug_sfnames)

.debug_aranges  0x0000000000000000      0x1d8
 *(.debug_aranges)
 .debug_aranges
                0x0000000000000000       0x18 obj\Debug\fuse.o
 .debug_aranges
                0x0000000000000018       0x20 obj\Debug\init_functions.o
 .debug_aranges
                0x0000000000000038       0x20 obj\Debug\main.o
 .debug_aranges
                0x0000000000000058       0x20 obj\Debug\module.o
 .debug_aranges
                0x0000000000000078       0x20 obj\Debug\motor_lib.o
 .debug_aranges
                0x0000000000000098       0x20 obj\Debug\navigatie_lib.o
 .debug_aranges
                0x00000000000000b8       0x20 obj\Debug\programma_keuze.o
 .debug_aranges
                0x00000000000000d8       0x20 obj\Debug\sensor_lib.o
 .debug_aranges
                0x00000000000000f8       0x20 obj\Debug\test_func.o
 .debug_aranges
                0x0000000000000118       0x20 c:/program files (x86)/avr-gcc-12.0.1_hhs/bin/../lib/gcc/avr/12.1.0/avr6\libgcc.a(_divmodhi4.o)
 .debug_aranges
                0x0000000000000138       0x20 c:/program files (x86)/avr-gcc-12.0.1_hhs/bin/../lib/gcc/avr/12.1.0/avr6\libgcc.a(_exit.o)
 .debug_aranges
                0x0000000000000158       0x20 c:/program files (x86)/avr-gcc-12.0.1_hhs/bin/../lib/gcc/avr/12.1.0/avr6\libgcc.a(_copy_data.o)
 .debug_aranges
                0x0000000000000178       0x20 c:/program files (x86)/avr-gcc-12.0.1_hhs/bin/../lib/gcc/avr/12.1.0/avr6\libgcc.a(_clear_bss.o)
 .debug_aranges
                0x0000000000000198       0x20 c:/program files (x86)/avr-gcc-12.0.1_hhs/bin/../lib/gcc/avr/12.1.0/avr6\libgcc.a(_umulhisi3.o)
 .debug_aranges
                0x00000000000001b8       0x20 c:/program files (x86)/avr-gcc-12.0.1_hhs/bin/../lib/gcc/avr/12.1.0/avr6\libgcc.a(_udivmodhi4.o)

.debug_pubnames
 *(.debug_pubnames)

.debug_info     0x0000000000000000     0x2c8d
 *(.debug_info .gnu.linkonce.wi.*)
 .debug_info    0x0000000000000000      0xbbc c:/program files (x86)/avr-gcc-12.0.1_hhs/bin/../lib/gcc/avr/12.1.0/../../../../avr/lib/avr6/crtatmega2560.o
 .debug_info    0x0000000000000bbc       0xa2 obj\Debug\fuse.o
 .debug_info    0x0000000000000c5e      0x1f9 obj\Debug\init_functions.o
 .debug_info    0x0000000000000e57      0x2bd obj\Debug\main.o
 .debug_info    0x0000000000001114      0x6cf obj\Debug\module.o
 .debug_info    0x00000000000017e3      0x1c3 obj\Debug\motor_lib.o
 .debug_info    0x00000000000019a6      0x76d obj\Debug\navigatie_lib.o
 .debug_info    0x0000000000002113      0x336 obj\Debug\programma_keuze.o
 .debug_info    0x0000000000002449      0x227 obj\Debug\sensor_lib.o
 .debug_info    0x0000000000002670      0x545 obj\Debug\test_func.o
 .debug_info    0x0000000000002bb5       0x24 c:/program files (x86)/avr-gcc-12.0.1_hhs/bin/../lib/gcc/avr/12.1.0/avr6\libgcc.a(_divmodhi4.o)
 .debug_info    0x0000000000002bd9       0x24 c:/program files (x86)/avr-gcc-12.0.1_hhs/bin/../lib/gcc/avr/12.1.0/avr6\libgcc.a(_exit.o)
 .debug_info    0x0000000000002bfd       0x24 c:/program files (x86)/avr-gcc-12.0.1_hhs/bin/../lib/gcc/avr/12.1.0/avr6\libgcc.a(_copy_data.o)
 .debug_info    0x0000000000002c21       0x24 c:/program files (x86)/avr-gcc-12.0.1_hhs/bin/../lib/gcc/avr/12.1.0/avr6\libgcc.a(_clear_bss.o)
 .debug_info    0x0000000000002c45       0x24 c:/program files (x86)/avr-gcc-12.0.1_hhs/bin/../lib/gcc/avr/12.1.0/avr6\libgcc.a(_umulhisi3.o)
 .debug_info    0x0000000000002c69       0x24 c:/program files (x86)/avr-gcc-12.0.1_hhs/bin/../lib/gcc/avr/12.1.0/avr6\libgcc.a(_udivmodhi4.o)

.debug_abbrev   0x0000000000000000     0x1696
 *(.debug_abbrev)
 .debug_abbrev  0x0000000000000000      0xb1a c:/program files (x86)/avr-gcc-12.0.1_hhs/bin/../lib/gcc/avr/12.1.0/../../../../avr/lib/avr6/crtatmega2560.o
 .debug_abbrev  0x0000000000000b1a       0x7b obj\Debug\fuse.o
 .debug_abbrev  0x0000000000000b95       0xd1 obj\Debug\init_functions.o
 .debug_abbrev  0x0000000000000c66      0x111 obj\Debug\main.o
 .debug_abbrev  0x0000000000000d77      0x25b obj\Debug\module.o
 .debug_abbrev  0x0000000000000fd2       0xcb obj\Debug\motor_lib.o
 .debug_abbrev  0x000000000000109d      0x164 obj\Debug\navigatie_lib.o
 .debug_abbrev  0x0000000000001201      0x16c obj\Debug\programma_keuze.o
 .debug_abbrev  0x000000000000136d      0x141 obj\Debug\sensor_lib.o
 .debug_abbrev  0x00000000000014ae      0x170 obj\Debug\test_func.o
 .debug_abbrev  0x000000000000161e       0x14 c:/program files (x86)/avr-gcc-12.0.1_hhs/bin/../lib/gcc/avr/12.1.0/avr6\libgcc.a(_divmodhi4.o)
 .debug_abbrev  0x0000000000001632       0x14 c:/program files (x86)/avr-gcc-12.0.1_hhs/bin/../lib/gcc/avr/12.1.0/avr6\libgcc.a(_exit.o)
 .debug_abbrev  0x0000000000001646       0x14 c:/program files (x86)/avr-gcc-12.0.1_hhs/bin/../lib/gcc/avr/12.1.0/avr6\libgcc.a(_copy_data.o)
 .debug_abbrev  0x000000000000165a       0x14 c:/program files (x86)/avr-gcc-12.0.1_hhs/bin/../lib/gcc/avr/12.1.0/avr6\libgcc.a(_clear_bss.o)
 .debug_abbrev  0x000000000000166e       0x14 c:/program files (x86)/avr-gcc-12.0.1_hhs/bin/../lib/gcc/avr/12.1.0/avr6\libgcc.a(_umulhisi3.o)
 .debug_abbrev  0x0000000000001682       0x14 c:/program files (x86)/avr-gcc-12.0.1_hhs/bin/../lib/gcc/avr/12.1.0/avr6\libgcc.a(_udivmodhi4.o)

.debug_line     0x0000000000000000     0x2ea5
 *(.debug_line .debug_line.* .debug_line_end)
 .debug_line    0x0000000000000000       0x1d c:/program files (x86)/avr-gcc-12.0.1_hhs/bin/../lib/gcc/avr/12.1.0/../../../../avr/lib/avr6/crtatmega2560.o
 .debug_line    0x000000000000001d       0x3f obj\Debug\fuse.o
 .debug_line    0x000000000000005c      0x5df obj\Debug\init_functions.o
 .debug_line    0x000000000000063b      0x20c obj\Debug\main.o
 .debug_line    0x0000000000000847      0x9bd obj\Debug\module.o
 .debug_line    0x0000000000001204      0x287 obj\Debug\motor_lib.o
 .debug_line    0x000000000000148b      0x9e3 obj\Debug\navigatie_lib.o
 .debug_line    0x0000000000001e6e      0x4b5 obj\Debug\programma_keuze.o
 .debug_line    0x0000000000002323      0x35e obj\Debug\sensor_lib.o
 .debug_line    0x0000000000002681      0x4b8 obj\Debug\test_func.o
 .debug_line    0x0000000000002b39       0xb7 c:/program files (x86)/avr-gcc-12.0.1_hhs/bin/../lib/gcc/avr/12.1.0/avr6\libgcc.a(_divmodhi4.o)
 .debug_line    0x0000000000002bf0       0x51 c:/program files (x86)/avr-gcc-12.0.1_hhs/bin/../lib/gcc/avr/12.1.0/avr6\libgcc.a(_exit.o)
 .debug_line    0x0000000000002c41       0x93 c:/program files (x86)/avr-gcc-12.0.1_hhs/bin/../lib/gcc/avr/12.1.0/avr6\libgcc.a(_copy_data.o)
 .debug_line    0x0000000000002cd4       0x75 c:/program files (x86)/avr-gcc-12.0.1_hhs/bin/../lib/gcc/avr/12.1.0/avr6\libgcc.a(_clear_bss.o)
 .debug_line    0x0000000000002d49       0x9f c:/program files (x86)/avr-gcc-12.0.1_hhs/bin/../lib/gcc/avr/12.1.0/avr6\libgcc.a(_umulhisi3.o)
 .debug_line    0x0000000000002de8       0xbd c:/program files (x86)/avr-gcc-12.0.1_hhs/bin/../lib/gcc/avr/12.1.0/avr6\libgcc.a(_udivmodhi4.o)

.debug_frame    0x0000000000000000      0x5bc
 *(.debug_frame)
 .debug_frame   0x0000000000000000       0xc4 obj\Debug\init_functions.o
 .debug_frame   0x00000000000000c4       0x34 obj\Debug\main.o
 .debug_frame   0x00000000000000f8      0x19c obj\Debug\module.o
 .debug_frame   0x0000000000000294       0x64 obj\Debug\motor_lib.o
 .debug_frame   0x00000000000002f8      0x1bc obj\Debug\navigatie_lib.o
 .debug_frame   0x00000000000004b4       0x4c obj\Debug\programma_keuze.o
 .debug_frame   0x0000000000000500       0x54 obj\Debug\sensor_lib.o
 .debug_frame   0x0000000000000554       0x68 obj\Debug\test_func.o

.debug_str      0x0000000000000000      0x953
 *(.debug_str)
 .debug_str     0x0000000000000000      0x3e9 c:/program files (x86)/avr-gcc-12.0.1_hhs/bin/../lib/gcc/avr/12.1.0/../../../../avr/lib/avr6/crtatmega2560.o
 .debug_str     0x00000000000003e9       0xa8 obj\Debug\fuse.o
                                         0xdc (size before relaxing)
 .debug_str     0x0000000000000491       0xde obj\Debug\init_functions.o
                                        0x19c (size before relaxing)
 .debug_str     0x000000000000056f       0x93 obj\Debug\main.o
                                        0x167 (size before relaxing)
 .debug_str     0x0000000000000602       0xe8 obj\Debug\module.o
                                        0x1f6 (size before relaxing)
 .debug_str     0x00000000000006ea       0x74 obj\Debug\motor_lib.o
                                        0x175 (size before relaxing)
 .debug_str     0x000000000000075e       0xf2 obj\Debug\navigatie_lib.o
                                        0x23e (size before relaxing)
 .debug_str     0x0000000000000850       0x24 obj\Debug\programma_keuze.o
                                        0x18a (size before relaxing)
 .debug_str     0x0000000000000874       0x36 obj\Debug\sensor_lib.o
                                        0x184 (size before relaxing)
 .debug_str     0x00000000000008aa       0x4a obj\Debug\test_func.o
                                        0x177 (size before relaxing)
 .debug_str     0x00000000000008f4       0x5f c:/program files (x86)/avr-gcc-12.0.1_hhs/bin/../lib/gcc/avr/12.1.0/avr6\libgcc.a(_divmodhi4.o)
 .debug_str     0x0000000000000953       0x5f c:/program files (x86)/avr-gcc-12.0.1_hhs/bin/../lib/gcc/avr/12.1.0/avr6\libgcc.a(_exit.o)
 .debug_str     0x0000000000000953       0x5f c:/program files (x86)/avr-gcc-12.0.1_hhs/bin/../lib/gcc/avr/12.1.0/avr6\libgcc.a(_copy_data.o)
 .debug_str     0x0000000000000953       0x5f c:/program files (x86)/avr-gcc-12.0.1_hhs/bin/../lib/gcc/avr/12.1.0/avr6\libgcc.a(_clear_bss.o)
 .debug_str     0x0000000000000953       0x5f c:/program files (x86)/avr-gcc-12.0.1_hhs/bin/../lib/gcc/avr/12.1.0/avr6\libgcc.a(_umulhisi3.o)
 .debug_str     0x0000000000000953       0x5f c:/program files (x86)/avr-gcc-12.0.1_hhs/bin/../lib/gcc/avr/12.1.0/avr6\libgcc.a(_udivmodhi4.o)

.debug_loc
 *(.debug_loc)

.debug_macinfo
 *(.debug_macinfo)

.debug_weaknames
 *(.debug_weaknames)

.debug_funcnames
 *(.debug_funcnames)

.debug_typenames
 *(.debug_typenames)

.debug_varnames
 *(.debug_varnames)

.debug_pubtypes
 *(.debug_pubtypes)

.debug_ranges
 *(.debug_ranges)

.debug_addr
 *(.debug_addr)

.debug_line_str
                0x0000000000000000      0x278
 *(.debug_line_str)
 .debug_line_str
                0x0000000000000000       0x80 obj\Debug\fuse.o
                                         0xca (size before relaxing)
 .debug_line_str
                0x0000000000000080       0xac obj\Debug\init_functions.o
                                        0x121 (size before relaxing)
 .debug_line_str
                0x000000000000012c       0x46 obj\Debug\main.o
                                        0x142 (size before relaxing)
 .debug_line_str
                0x0000000000000172       0x53 obj\Debug\module.o
                                        0x156 (size before relaxing)
 .debug_line_str
                0x00000000000001c5        0xc obj\Debug\motor_lib.o
                                        0x115 (size before relaxing)
 .debug_line_str
                0x00000000000001d1       0x29 obj\Debug\navigatie_lib.o
                                        0x13a (size before relaxing)
 .debug_line_str
                0x00000000000001fa       0x12 obj\Debug\programma_keuze.o
                                        0x176 (size before relaxing)
 .debug_line_str
                0x000000000000020c        0xd obj\Debug\sensor_lib.o
                                        0x156 (size before relaxing)
 .debug_line_str
                0x0000000000000219        0xc obj\Debug\test_func.o
                                        0x153 (size before relaxing)
 .debug_line_str
                0x0000000000000225       0x53 c:/program files (x86)/avr-gcc-12.0.1_hhs/bin/../lib/gcc/avr/12.1.0/avr6\libgcc.a(_divmodhi4.o)
                                         0x5f (size before relaxing)
 .debug_line_str
                0x0000000000000278       0x5f c:/program files (x86)/avr-gcc-12.0.1_hhs/bin/../lib/gcc/avr/12.1.0/avr6\libgcc.a(_exit.o)
 .debug_line_str
                0x0000000000000278       0x5f c:/program files (x86)/avr-gcc-12.0.1_hhs/bin/../lib/gcc/avr/12.1.0/avr6\libgcc.a(_copy_data.o)
 .debug_line_str
                0x0000000000000278       0x5f c:/program files (x86)/avr-gcc-12.0.1_hhs/bin/../lib/gcc/avr/12.1.0/avr6\libgcc.a(_clear_bss.o)
 .debug_line_str
                0x0000000000000278       0x5f c:/program files (x86)/avr-gcc-12.0.1_hhs/bin/../lib/gcc/avr/12.1.0/avr6\libgcc.a(_umulhisi3.o)
 .debug_line_str
                0x0000000000000278       0x5f c:/program files (x86)/avr-gcc-12.0.1_hhs/bin/../lib/gcc/avr/12.1.0/avr6\libgcc.a(_udivmodhi4.o)

.debug_loclists
                0x0000000000000000      0xc53
 *(.debug_loclists)
 .debug_loclists
                0x0000000000000000      0x260 obj\Debug\module.o
 .debug_loclists
                0x0000000000000260       0xf6 obj\Debug\motor_lib.o
 .debug_loclists
                0x0000000000000356      0x369 obj\Debug\navigatie_lib.o
 .debug_loclists
                0x00000000000006bf      0x2bf obj\Debug\programma_keuze.o
 .debug_loclists
                0x000000000000097e       0xc0 obj\Debug\sensor_lib.o
 .debug_loclists
                0x0000000000000a3e      0x215 obj\Debug\test_func.o

.debug_macro
 *(.debug_macro)

.debug_names
 *(.debug_names)

.debug_rnglists
                0x0000000000000000       0x48
 *(.debug_rnglists)
 .debug_rnglists
                0x0000000000000000       0x1e obj\Debug\module.o
 .debug_rnglists
                0x000000000000001e       0x17 obj\Debug\programma_keuze.o
 .debug_rnglists
                0x0000000000000035       0x13 obj\Debug\test_func.o

.debug_str_offsets
 *(.debug_str_offsets)

.debug_sup
 *(.debug_sup)
OUTPUT(bin\Debug\AGV_PROJECT_B2.elf elf32-avr)
LOAD linker stubs

Cross Reference Table

Symbol                                            File
OPSLAG                                            obj\Debug\main.o
__FUSE_REGION_LENGTH__                            c:/program files (x86)/avr-gcc-12.0.1_hhs/bin/../lib/gcc/avr/12.1.0/../../../../avr/lib/avr6/crtatmega2560.o
__addsf3                                          c:/program files (x86)/avr-gcc-12.0.1_hhs/bin/../lib/gcc/avr/12.1.0/../../../../avr/lib/avr6\libm.a(addsf3.o)
__addsf3x                                         c:/program files (x86)/avr-gcc-12.0.1_hhs/bin/../lib/gcc/avr/12.1.0/../../../../avr/lib/avr6\libm.a(addsf3x.o)
                                                  c:/program files (x86)/avr-gcc-12.0.1_hhs/bin/../lib/gcc/avr/12.1.0/../../../../avr/lib/avr6\libm.a(addsf3.o)
__bad_interrupt                                   c:/program files (x86)/avr-gcc-12.0.1_hhs/bin/../lib/gcc/avr/12.1.0/../../../../avr/lib/avr6/crtatmega2560.o
__bss_end                                         c:/program files (x86)/avr-gcc-12.0.1_hhs/bin/../lib/gcc/avr/12.1.0/avr6\libgcc.a(_clear_bss.o)
__bss_start                                       c:/program files (x86)/avr-gcc-12.0.1_hhs/bin/../lib/gcc/avr/12.1.0/avr6\libgcc.a(_clear_bss.o)
__data_end                                        c:/program files (x86)/avr-gcc-12.0.1_hhs/bin/../lib/gcc/avr/12.1.0/avr6\libgcc.a(_copy_data.o)
__data_load_start                                 c:/program files (x86)/avr-gcc-12.0.1_hhs/bin/../lib/gcc/avr/12.1.0/avr6\libgcc.a(_copy_data.o)
__data_start                                      c:/program files (x86)/avr-gcc-12.0.1_hhs/bin/../lib/gcc/avr/12.1.0/avr6\libgcc.a(_copy_data.o)
__divmodhi4                                       c:/program files (x86)/avr-gcc-12.0.1_hhs/bin/../lib/gcc/avr/12.1.0/avr6\libgcc.a(_divmodhi4.o)
                                                  obj\Debug\module.o
__divsf3                                          c:/program files (x86)/avr-gcc-12.0.1_hhs/bin/../lib/gcc/avr/12.1.0/../../../../avr/lib/avr6\libm.a(divsf3.o)
                                                  obj\Debug\navigatie_lib.o
__divsf3_pse                                      c:/program files (x86)/avr-gcc-12.0.1_hhs/bin/../lib/gcc/avr/12.1.0/../../../../avr/lib/avr6\libm.a(divsf3x.o)
__divsf3x                                         c:/program files (x86)/avr-gcc-12.0.1_hhs/bin/../lib/gcc/avr/12.1.0/../../../../avr/lib/avr6\libm.a(divsf3x.o)
                                                  c:/program files (x86)/avr-gcc-12.0.1_hhs/bin/../lib/gcc/avr/12.1.0/../../../../avr/lib/avr6\libm.a(divsf3.o)
__do_clear_bss                                    c:/program files (x86)/avr-gcc-12.0.1_hhs/bin/../lib/gcc/avr/12.1.0/avr6\libgcc.a(_clear_bss.o)
                                                  obj\Debug\navigatie_lib.o
                                                  obj\Debug\module.o
__do_copy_data                                    c:/program files (x86)/avr-gcc-12.0.1_hhs/bin/../lib/gcc/avr/12.1.0/avr6\libgcc.a(_copy_data.o)
                                                  obj\Debug\test_func.o
                                                  obj\Debug\module.o
__fixsfsi                                         c:/program files (x86)/avr-gcc-12.0.1_hhs/bin/../lib/gcc/avr/12.1.0/../../../../avr/lib/avr6\libm.a(fixsfsi.o)
                                                  obj\Debug\motor_lib.o
__fixunssfsi                                      c:/program files (x86)/avr-gcc-12.0.1_hhs/bin/../lib/gcc/avr/12.1.0/../../../../avr/lib/avr6\libm.a(fixunssfsi.o)
                                                  c:/program files (x86)/avr-gcc-12.0.1_hhs/bin/../lib/gcc/avr/12.1.0/../../../../avr/lib/avr6\libm.a(fixsfsi.o)
                                                  obj\Debug\sensor_lib.o
__floatsisf                                       c:/program files (x86)/avr-gcc-12.0.1_hhs/bin/../lib/gcc/avr/12.1.0/../../../../avr/lib/avr6\libm.a(floatsisf.o)
                                                  obj\Debug\navigatie_lib.o
__floatunsisf                                     c:/program files (x86)/avr-gcc-12.0.1_hhs/bin/../lib/gcc/avr/12.1.0/../../../../avr/lib/avr6\libm.a(floatsisf.o)
                                                  obj\Debug\sensor_lib.o
__fp_inf                                          c:/program files (x86)/avr-gcc-12.0.1_hhs/bin/../lib/gcc/avr/12.1.0/../../../../avr/lib/avr6\libm.a(fp_inf.o)
                                                  c:/program files (x86)/avr-gcc-12.0.1_hhs/bin/../lib/gcc/avr/12.1.0/../../../../avr/lib/avr6\libm.a(mulsf3x.o)
                                                  c:/program files (x86)/avr-gcc-12.0.1_hhs/bin/../lib/gcc/avr/12.1.0/../../../../avr/lib/avr6\libm.a(divsf3x.o)
                                                  c:/program files (x86)/avr-gcc-12.0.1_hhs/bin/../lib/gcc/avr/12.1.0/../../../../avr/lib/avr6\libm.a(addsf3x.o)
__fp_nan                                          c:/program files (x86)/avr-gcc-12.0.1_hhs/bin/../lib/gcc/avr/12.1.0/../../../../avr/lib/avr6\libm.a(fp_nan.o)
                                                  c:/program files (x86)/avr-gcc-12.0.1_hhs/bin/../lib/gcc/avr/12.1.0/../../../../avr/lib/avr6\libm.a(mulsf3x.o)
                                                  c:/program files (x86)/avr-gcc-12.0.1_hhs/bin/../lib/gcc/avr/12.1.0/../../../../avr/lib/avr6\libm.a(divsf3x.o)
                                                  c:/program files (x86)/avr-gcc-12.0.1_hhs/bin/../lib/gcc/avr/12.1.0/../../../../avr/lib/avr6\libm.a(addsf3x.o)
__fp_pscA                                         c:/program files (x86)/avr-gcc-12.0.1_hhs/bin/../lib/gcc/avr/12.1.0/../../../../avr/lib/avr6\libm.a(fp_pscA.o)
                                                  c:/program files (x86)/avr-gcc-12.0.1_hhs/bin/../lib/gcc/avr/12.1.0/../../../../avr/lib/avr6\libm.a(mulsf3x.o)
                                                  c:/program files (x86)/avr-gcc-12.0.1_hhs/bin/../lib/gcc/avr/12.1.0/../../../../avr/lib/avr6\libm.a(divsf3x.o)
                                                  c:/program files (x86)/avr-gcc-12.0.1_hhs/bin/../lib/gcc/avr/12.1.0/../../../../avr/lib/avr6\libm.a(addsf3x.o)
__fp_pscB                                         c:/program files (x86)/avr-gcc-12.0.1_hhs/bin/../lib/gcc/avr/12.1.0/../../../../avr/lib/avr6\libm.a(fp_pscB.o)
                                                  c:/program files (x86)/avr-gcc-12.0.1_hhs/bin/../lib/gcc/avr/12.1.0/../../../../avr/lib/avr6\libm.a(mulsf3x.o)
                                                  c:/program files (x86)/avr-gcc-12.0.1_hhs/bin/../lib/gcc/avr/12.1.0/../../../../avr/lib/avr6\libm.a(divsf3x.o)
                                                  c:/program files (x86)/avr-gcc-12.0.1_hhs/bin/../lib/gcc/avr/12.1.0/../../../../avr/lib/avr6\libm.a(addsf3x.o)
__fp_round                                        c:/program files (x86)/avr-gcc-12.0.1_hhs/bin/../lib/gcc/avr/12.1.0/../../../../avr/lib/avr6\libm.a(fp_round.o)
                                                  c:/program files (x86)/avr-gcc-12.0.1_hhs/bin/../lib/gcc/avr/12.1.0/../../../../avr/lib/avr6\libm.a(mulsf3.o)
                                                  c:/program files (x86)/avr-gcc-12.0.1_hhs/bin/../lib/gcc/avr/12.1.0/../../../../avr/lib/avr6\libm.a(divsf3.o)
                                                  c:/program files (x86)/avr-gcc-12.0.1_hhs/bin/../lib/gcc/avr/12.1.0/../../../../avr/lib/avr6\libm.a(addsf3.o)
__fp_split3                                       c:/program files (x86)/avr-gcc-12.0.1_hhs/bin/../lib/gcc/avr/12.1.0/../../../../avr/lib/avr6\libm.a(fp_split3.o)
                                                  c:/program files (x86)/avr-gcc-12.0.1_hhs/bin/../lib/gcc/avr/12.1.0/../../../../avr/lib/avr6\libm.a(mulsf3x.o)
                                                  c:/program files (x86)/avr-gcc-12.0.1_hhs/bin/../lib/gcc/avr/12.1.0/../../../../avr/lib/avr6\libm.a(divsf3x.o)
                                                  c:/program files (x86)/avr-gcc-12.0.1_hhs/bin/../lib/gcc/avr/12.1.0/../../../../avr/lib/avr6\libm.a(addsf3x.o)
__fp_splitA                                       c:/program files (x86)/avr-gcc-12.0.1_hhs/bin/../lib/gcc/avr/12.1.0/../../../../avr/lib/avr6\libm.a(fp_split3.o)
                                                  c:/program files (x86)/avr-gcc-12.0.1_hhs/bin/../lib/gcc/avr/12.1.0/../../../../avr/lib/avr6\libm.a(fixunssfsi.o)
__fp_szero                                        c:/program files (x86)/avr-gcc-12.0.1_hhs/bin/../lib/gcc/avr/12.1.0/../../../../avr/lib/avr6\libm.a(fp_zero.o)
                                                  c:/program files (x86)/avr-gcc-12.0.1_hhs/bin/../lib/gcc/avr/12.1.0/../../../../avr/lib/avr6\libm.a(mulsf3x.o)
                                                  c:/program files (x86)/avr-gcc-12.0.1_hhs/bin/../lib/gcc/avr/12.1.0/../../../../avr/lib/avr6\libm.a(fixsfsi.o)
                                                  c:/program files (x86)/avr-gcc-12.0.1_hhs/bin/../lib/gcc/avr/12.1.0/../../../../avr/lib/avr6\libm.a(divsf3x.o)
__fp_zero                                         c:/program files (x86)/avr-gcc-12.0.1_hhs/bin/../lib/gcc/avr/12.1.0/../../../../avr/lib/avr6\libm.a(fp_zero.o)
                                                  c:/program files (x86)/avr-gcc-12.0.1_hhs/bin/../lib/gcc/avr/12.1.0/../../../../avr/lib/avr6\libm.a(fixunssfsi.o)
                                                  c:/program files (x86)/avr-gcc-12.0.1_hhs/bin/../lib/gcc/avr/12.1.0/../../../../avr/lib/avr6\libm.a(addsf3x.o)
__fuse                                            obj\Debug\fuse.o
__heap_end                                        c:/program files (x86)/avr-gcc-12.0.1_hhs/bin/../lib/gcc/avr/12.1.0/../../../../avr/lib/avr6/crtatmega2560.o
__init                                            c:/program files (x86)/avr-gcc-12.0.1_hhs/bin/../lib/gcc/avr/12.1.0/../../../../avr/lib/avr6/crtatmega2560.o
__mulsf3                                          c:/program files (x86)/avr-gcc-12.0.1_hhs/bin/../lib/gcc/avr/12.1.0/../../../../avr/lib/avr6\libm.a(mulsf3.o)
                                                  obj\Debug\sensor_lib.o
                                                  obj\Debug\motor_lib.o
__mulsf3_pse                                      c:/program files (x86)/avr-gcc-12.0.1_hhs/bin/../lib/gcc/avr/12.1.0/../../../../avr/lib/avr6\libm.a(mulsf3x.o)
__mulsf3x                                         c:/program files (x86)/avr-gcc-12.0.1_hhs/bin/../lib/gcc/avr/12.1.0/../../../../avr/lib/avr6\libm.a(mulsf3x.o)
                                                  c:/program files (x86)/avr-gcc-12.0.1_hhs/bin/../lib/gcc/avr/12.1.0/../../../../avr/lib/avr6\libm.a(mulsf3.o)
__stack                                           c:/program files (x86)/avr-gcc-12.0.1_hhs/bin/../lib/gcc/avr/12.1.0/../../../../avr/lib/avr6/crtatmega2560.o
__subsf3                                          c:/program files (x86)/avr-gcc-12.0.1_hhs/bin/../lib/gcc/avr/12.1.0/../../../../avr/lib/avr6\libm.a(addsf3.o)
                                                  obj\Debug\navigatie_lib.o
__udivmodhi4                                      c:/program files (x86)/avr-gcc-12.0.1_hhs/bin/../lib/gcc/avr/12.1.0/avr6\libgcc.a(_udivmodhi4.o)
                                                  c:/program files (x86)/avr-gcc-12.0.1_hhs/bin/../lib/gcc/avr/12.1.0/avr6\libgcc.a(_divmodhi4.o)
__umulhisi3                                       c:/program files (x86)/avr-gcc-12.0.1_hhs/bin/../lib/gcc/avr/12.1.0/avr6\libgcc.a(_umulhisi3.o)
                                                  obj\Debug\test_func.o
                                                  obj\Debug\module.o
__vector_1                                        c:/program files (x86)/avr-gcc-12.0.1_hhs/bin/../lib/gcc/avr/12.1.0/../../../../avr/lib/avr6/crtatmega2560.o
__vector_10                                       c:/program files (x86)/avr-gcc-12.0.1_hhs/bin/../lib/gcc/avr/12.1.0/../../../../avr/lib/avr6/crtatmega2560.o
__vector_11                                       c:/program files (x86)/avr-gcc-12.0.1_hhs/bin/../lib/gcc/avr/12.1.0/../../../../avr/lib/avr6/crtatmega2560.o
__vector_12                                       c:/program files (x86)/avr-gcc-12.0.1_hhs/bin/../lib/gcc/avr/12.1.0/../../../../avr/lib/avr6/crtatmega2560.o
__vector_13                                       c:/program files (x86)/avr-gcc-12.0.1_hhs/bin/../lib/gcc/avr/12.1.0/../../../../avr/lib/avr6/crtatmega2560.o
__vector_14                                       c:/program files (x86)/avr-gcc-12.0.1_hhs/bin/../lib/gcc/avr/12.1.0/../../../../avr/lib/avr6/crtatmega2560.o
__vector_15                                       c:/program files (x86)/avr-gcc-12.0.1_hhs/bin/../lib/gcc/avr/12.1.0/../../../../avr/lib/avr6/crtatmega2560.o
__vector_16                                       c:/program files (x86)/avr-gcc-12.0.1_hhs/bin/../lib/gcc/avr/12.1.0/../../../../avr/lib/avr6/crtatmega2560.o
__vector_17                                       c:/program files (x86)/avr-gcc-12.0.1_hhs/bin/../lib/gcc/avr/12.1.0/../../../../avr/lib/avr6/crtatmega2560.o
__vector_18                                       c:/program files (x86)/avr-gcc-12.0.1_hhs/bin/../lib/gcc/avr/12.1.0/../../../../avr/lib/avr6/crtatmega2560.o
__vector_19                                       c:/program files (x86)/avr-gcc-12.0.1_hhs/bin/../lib/gcc/avr/12.1.0/../../../../avr/lib/avr6/crtatmega2560.o
__vector_2                                        c:/program files (x86)/avr-gcc-12.0.1_hhs/bin/../lib/gcc/avr/12.1.0/../../../../avr/lib/avr6/crtatmega2560.o
__vector_20                                       c:/program files (x86)/avr-gcc-12.0.1_hhs/bin/../lib/gcc/avr/12.1.0/../../../../avr/lib/avr6/crtatmega2560.o
__vector_21                                       c:/program files (x86)/avr-gcc-12.0.1_hhs/bin/../lib/gcc/avr/12.1.0/../../../../avr/lib/avr6/crtatmega2560.o
__vector_22                                       c:/program files (x86)/avr-gcc-12.0.1_hhs/bin/../lib/gcc/avr/12.1.0/../../../../avr/lib/avr6/crtatmega2560.o
__vector_23                                       c:/program files (x86)/avr-gcc-12.0.1_hhs/bin/../lib/gcc/avr/12.1.0/../../../../avr/lib/avr6/crtatmega2560.o
__vector_24                                       c:/program files (x86)/avr-gcc-12.0.1_hhs/bin/../lib/gcc/avr/12.1.0/../../../../avr/lib/avr6/crtatmega2560.o
__vector_25                                       c:/program files (x86)/avr-gcc-12.0.1_hhs/bin/../lib/gcc/avr/12.1.0/../../../../avr/lib/avr6/crtatmega2560.o
__vector_26                                       c:/program files (x86)/avr-gcc-12.0.1_hhs/bin/../lib/gcc/avr/12.1.0/../../../../avr/lib/avr6/crtatmega2560.o
__vector_27                                       c:/program files (x86)/avr-gcc-12.0.1_hhs/bin/../lib/gcc/avr/12.1.0/../../../../avr/lib/avr6/crtatmega2560.o
__vector_28                                       c:/program files (x86)/avr-gcc-12.0.1_hhs/bin/../lib/gcc/avr/12.1.0/../../../../avr/lib/avr6/crtatmega2560.o
__vector_29                                       c:/program files (x86)/avr-gcc-12.0.1_hhs/bin/../lib/gcc/avr/12.1.0/../../../../avr/lib/avr6/crtatmega2560.o
__vector_3                                        c:/program files (x86)/avr-gcc-12.0.1_hhs/bin/../lib/gcc/avr/12.1.0/../../../../avr/lib/avr6/crtatmega2560.o
__vector_30                                       c:/program files (x86)/avr-gcc-12.0.1_hhs/bin/../lib/gcc/avr/12.1.0/../../../../avr/lib/avr6/crtatmega2560.o
__vector_31                                       c:/program files (x86)/avr-gcc-12.0.1_hhs/bin/../lib/gcc/avr/12.1.0/../../../../avr/lib/avr6/crtatmega2560.o
__vector_32                                       c:/program files (x86)/avr-gcc-12.0.1_hhs/bin/../lib/gcc/avr/12.1.0/../../../../avr/lib/avr6/crtatmega2560.o
__vector_33                                       c:/program files (x86)/avr-gcc-12.0.1_hhs/bin/../lib/gcc/avr/12.1.0/../../../../avr/lib/avr6/crtatmega2560.o
__vector_34                                       c:/program files (x86)/avr-gcc-12.0.1_hhs/bin/../lib/gcc/avr/12.1.0/../../../../avr/lib/avr6/crtatmega2560.o
__vector_35                                       c:/program files (x86)/avr-gcc-12.0.1_hhs/bin/../lib/gcc/avr/12.1.0/../../../../avr/lib/avr6/crtatmega2560.o
__vector_36                                       c:/program files (x86)/avr-gcc-12.0.1_hhs/bin/../lib/gcc/avr/12.1.0/../../../../avr/lib/avr6/crtatmega2560.o
__vector_37                                       c:/program files (x86)/avr-gcc-12.0.1_hhs/bin/../lib/gcc/avr/12.1.0/../../../../avr/lib/avr6/crtatmega2560.o
__vector_38                                       c:/program files (x86)/avr-gcc-12.0.1_hhs/bin/../lib/gcc/avr/12.1.0/../../../../avr/lib/avr6/crtatmega2560.o
__vector_39                                       c:/program files (x86)/avr-gcc-12.0.1_hhs/bin/../lib/gcc/avr/12.1.0/../../../../avr/lib/avr6/crtatmega2560.o
__vector_4                                        c:/program files (x86)/avr-gcc-12.0.1_hhs/bin/../lib/gcc/avr/12.1.0/../../../../avr/lib/avr6/crtatmega2560.o
__vector_40                                       c:/program files (x86)/avr-gcc-12.0.1_hhs/bin/../lib/gcc/avr/12.1.0/../../../../avr/lib/avr6/crtatmega2560.o
__vector_41                                       c:/program files (x86)/avr-gcc-12.0.1_hhs/bin/../lib/gcc/avr/12.1.0/../../../../avr/lib/avr6/crtatmega2560.o
__vector_42                                       c:/program files (x86)/avr-gcc-12.0.1_hhs/bin/../lib/gcc/avr/12.1.0/../../../../avr/lib/avr6/crtatmega2560.o
__vector_43                                       c:/program files (x86)/avr-gcc-12.0.1_hhs/bin/../lib/gcc/avr/12.1.0/../../../../avr/lib/avr6/crtatmega2560.o
__vector_44                                       c:/program files (x86)/avr-gcc-12.0.1_hhs/bin/../lib/gcc/avr/12.1.0/../../../../avr/lib/avr6/crtatmega2560.o
__vector_45                                       c:/program files (x86)/avr-gcc-12.0.1_hhs/bin/../lib/gcc/avr/12.1.0/../../../../avr/lib/avr6/crtatmega2560.o
__vector_46                                       c:/program files (x86)/avr-gcc-12.0.1_hhs/bin/../lib/gcc/avr/12.1.0/../../../../avr/lib/avr6/crtatmega2560.o
__vector_47                                       c:/program files (x86)/avr-gcc-12.0.1_hhs/bin/../lib/gcc/avr/12.1.0/../../../../avr/lib/avr6/crtatmega2560.o
__vector_48                                       c:/program files (x86)/avr-gcc-12.0.1_hhs/bin/../lib/gcc/avr/12.1.0/../../../../avr/lib/avr6/crtatmega2560.o
__vector_49                                       c:/program files (x86)/avr-gcc-12.0.1_hhs/bin/../lib/gcc/avr/12.1.0/../../../../avr/lib/avr6/crtatmega2560.o
__vector_5                                        obj\Debug\module.o
                                                  c:/program files (x86)/avr-gcc-12.0.1_hhs/bin/../lib/gcc/avr/12.1.0/../../../../avr/lib/avr6/crtatmega2560.o
__vector_50                                       c:/program files (x86)/avr-gcc-12.0.1_hhs/bin/../lib/gcc/avr/12.1.0/../../../../avr/lib/avr6/crtatmega2560.o
__vector_51                                       c:/program files (x86)/avr-gcc-12.0.1_hhs/bin/../lib/gcc/avr/12.1.0/../../../../avr/lib/avr6/crtatmega2560.o
__vector_52                                       c:/program files (x86)/avr-gcc-12.0.1_hhs/bin/../lib/gcc/avr/12.1.0/../../../../avr/lib/avr6/crtatmega2560.o
__vector_53                                       c:/program files (x86)/avr-gcc-12.0.1_hhs/bin/../lib/gcc/avr/12.1.0/../../../../avr/lib/avr6/crtatmega2560.o
__vector_54                                       c:/program files (x86)/avr-gcc-12.0.1_hhs/bin/../lib/gcc/avr/12.1.0/../../../../avr/lib/avr6/crtatmega2560.o
__vector_55                                       c:/program files (x86)/avr-gcc-12.0.1_hhs/bin/../lib/gcc/avr/12.1.0/../../../../avr/lib/avr6/crtatmega2560.o
__vector_56                                       c:/program files (x86)/avr-gcc-12.0.1_hhs/bin/../lib/gcc/avr/12.1.0/../../../../avr/lib/avr6/crtatmega2560.o
__vector_6                                        obj\Debug\module.o
                                                  c:/program files (x86)/avr-gcc-12.0.1_hhs/bin/../lib/gcc/avr/12.1.0/../../../../avr/lib/avr6/crtatmega2560.o
__vector_7                                        c:/program files (x86)/avr-gcc-12.0.1_hhs/bin/../lib/gcc/avr/12.1.0/../../../../avr/lib/avr6/crtatmega2560.o
__vector_8                                        c:/program files (x86)/avr-gcc-12.0.1_hhs/bin/../lib/gcc/avr/12.1.0/../../../../avr/lib/avr6/crtatmega2560.o
__vector_9                                        c:/program files (x86)/avr-gcc-12.0.1_hhs/bin/../lib/gcc/avr/12.1.0/../../../../avr/lib/avr6/crtatmega2560.o
__vector_default                                  c:/program files (x86)/avr-gcc-12.0.1_hhs/bin/../lib/gcc/avr/12.1.0/../../../../avr/lib/avr6/crtatmega2560.o
__vectors                                         c:/program files (x86)/avr-gcc-12.0.1_hhs/bin/../lib/gcc/avr/12.1.0/../../../../avr/lib/avr6/crtatmega2560.o
_div                                              c:/program files (x86)/avr-gcc-12.0.1_hhs/bin/../lib/gcc/avr/12.1.0/avr6\libgcc.a(_divmodhi4.o)
_exit                                             c:/program files (x86)/avr-gcc-12.0.1_hhs/bin/../lib/gcc/avr/12.1.0/avr6\libgcc.a(_exit.o)
blokjes_gedetecteerd                              obj\Debug\module.o
blokjes_stop                                      obj\Debug\module.o
                                                  obj\Debug\main.o
display_segment                                   obj\Debug\test_func.o
exit                                              c:/program files (x86)/avr-gcc-12.0.1_hhs/bin/../lib/gcc/avr/12.1.0/avr6\libgcc.a(_exit.o)
                                                  c:/program files (x86)/avr-gcc-12.0.1_hhs/bin/../lib/gcc/avr/12.1.0/../../../../avr/lib/avr6/crtatmega2560.o
init_display                                      obj\Debug\init_functions.o
init_function                                     obj\Debug\init_functions.o
                                                  obj\Debug\programma_keuze.o
                                                  obj\Debug\main.o
init_h_brug_dual                                  obj\Debug\init_functions.o
init_infrarood_sensor                             obj\Debug\init_functions.o
init_knopjes                                      obj\Debug\init_functions.o
init_led                                          obj\Debug\init_functions.o
init_noodstop                                     obj\Debug\init_functions.o
init_test                                         obj\Debug\init_functions.o
init_timer                                        obj\Debug\init_functions.o
init_timer_PWM                                    obj\Debug\init_functions.o
init_ultrasoon_sensor                             obj\Debug\init_functions.o
keren                                             obj\Debug\navigatie_lib.o
                                                  obj\Debug\main.o
kerenLGroot                                       obj\Debug\navigatie_lib.o
kerenLKlein                                       obj\Debug\navigatie_lib.o
kerenR                                            obj\Debug\navigatie_lib.o
main                                              obj\Debug\main.o
                                                  c:/program files (x86)/avr-gcc-12.0.1_hhs/bin/../lib/gcc/avr/12.1.0/../../../../avr/lib/avr6/crtatmega2560.o
motor_L                                           obj\Debug\motor_lib.o
                                                  obj\Debug\navigatie_lib.o
                                                  obj\Debug\module.o
motor_R                                           obj\Debug\motor_lib.o
                                                  obj\Debug\navigatie_lib.o
                                                  obj\Debug\module.o
motor_config                                      obj\Debug\motor_lib.o
                                                  obj\Debug\navigatie_lib.o
padNavigeren                                      obj\Debug\navigatie_lib.o
                                                  obj\Debug\main.o
percentageSteering_L                              obj\Debug\navigatie_lib.o
percentageSteering_R                              obj\Debug\navigatie_lib.o
print_turd                                        obj\Debug\test_func.o
print_waarde                                      obj\Debug\test_func.o
                                                  obj\Debug\navigatie_lib.o
programma_keuze                                   obj\Debug\programma_keuze.o
                                                  obj\Debug\main.o
segmentMap                                        obj\Debug\module.o
send_byte                                         obj\Debug\module.o
                                                  obj\Debug\init_functions.o
send_data                                         obj\Debug\test_func.o
tm1637_showNumber                                 obj\Debug\module.o
                                                  obj\Debug\init_functions.o
tm_start                                          obj\Debug\module.o
                                                  obj\Debug\init_functions.o
tm_stop                                           obj\Debug\module.o
                                                  obj\Debug\init_functions.o
ultrasoonAfstand_L                                obj\Debug\sensor_lib.o
                                                  obj\Debug\navigatie_lib.o
ultrasoonAfstand_R                                obj\Debug\sensor_lib.o
                                                  obj\Debug\navigatie_lib.o
